<!-- START:1.1.0 -->
# 1.1.0

* change 1
* change 2
* change 3

<!-- END:1.1.0 -->
